$ playwright test
[WebServer] (node:1423151) Warning: The 'NO_COLOR' env is ignored due to the 'FORCE_COLOR' env being set.
[WebServer] (Use `node --trace-warnings ...` to show where the warning was created)

Running 37 tests using 1 worker

(node:1423367) Warning: The 'NO_COLOR' env is ignored due to the 'FORCE_COLOR' env being set.
(Use `node --trace-warnings ...` to show where the warning was created)
  ✓   1 tests/e2e/creation-behavior.spec.ts:24:1 › explains the team prerequisite and exposes required issue fields (1.6s)
  ✓   2 tests/e2e/creation-behavior.spec.ts:110:1 › keeps creation compact and property menus visible at desktop and narrow widths (584ms)
  ✓   3 tests/e2e/creation-behavior.spec.ts:150:1 › keeps project context and draft fields after a failed create retry (587ms)
  ✓   4 tests/e2e/detail-behavior.spec.ts:90:1 › delete confirmation can be cancelled without a native dialog (378ms)
  ✓   5 tests/e2e/detail-behavior.spec.ts:116:1 › delete confirmation commits from the in-app dialog (534ms)
  ✓   6 tests/e2e/detail-behavior.spec.ts:142:1 › delete failure restores the issue and shows an action error (389ms)
  ✓   7 tests/e2e/detail-behavior.spec.ts:171:1 › delete shows pending status and disables restore actions (478ms)
  ✓   8 tests/e2e/detail-behavior.spec.ts:211:1 › description save failure keeps the draft for retry (380ms)
  ✓   9 tests/e2e/detail-behavior.spec.ts:250:1 › description editor cancels an unsaved draft (309ms)
  ✓  10 tests/e2e/detail-behavior.spec.ts:268:1 › title Enter during IME composition does not submit (313ms)
  ✓  11 tests/e2e/detail-behavior.spec.ts:313:1 › comment appears before a delayed response and clears its draft (328ms)
  ✓  12 tests/e2e/detail-behavior.spec.ts:339:1 › failed comment keeps a retry draft and commits once (397ms)
  ✓  13 tests/e2e/issues.spec.ts:29:1 › create, edit Markdown, comment, attach and delete through the browser (923ms)
  ✓  14 tests/e2e/issues.spec.ts:109:1 › creation and cached details open without waiting for a server response (657ms)
  ✓  15 tests/e2e/management-failure.spec.ts:12:1 › preserves a project edit draft after a failed request (713ms)
  ✓  16 tests/e2e/management.spec.ts:16:1 › manages workspaces, teams, projects, and members in settings (2.3s)
  ✓  17 tests/e2e/navigation-layout.spec.ts:39:1 › full detail supports browser history, direct links and reload (455ms)
  ✓  18 tests/e2e/navigation-layout.spec.ts:70:1 › list keyboard navigation opens an issue and returns focus (295ms)
  ✓  19 tests/e2e/navigation-layout.spec.ts:87:3 › long identifiers and titles do not overlap at 1440px (300ms)
  ✓  20 tests/e2e/navigation-layout.spec.ts:87:3 › long identifiers and titles do not overlap at 880px (257ms)
  ✓  21 tests/e2e/navigation-layout.spec.ts:87:3 › long identifiers and titles do not overlap at 640px (257ms)
  ✓  22 tests/e2e/navigation-layout.spec.ts:115:1 › search shows matching issues, an empty result, and the cleared list (267ms)
  ✓  23 tests/e2e/navigation-layout.spec.ts:132:1 › a deleted issue can be found in Trash and restored after leaving detail (578ms)
  ✓  24 tests/e2e/navigation-layout.spec.ts:166:1 › an invalid workspace link is replaced without trapping browser Back (371ms)
  ✓  25 tests/e2e/navigation-layout.spec.ts:181:1 › a missing deployed view bundle offers reload instead of a blank page (376ms)
  ✓  26 tests/e2e/property-picker.spec.ts:26:1 › status picker searches and selects with keyboard, then persists (486ms)
  ✓  27 tests/e2e/property-picker.spec.ts:67:1 › status picker closes on Escape, outside click, and Tab without changing value (414ms)
  ✓  28 tests/e2e/reconnect.spec.ts:41:1 › recovers missed updates after reconnecting and resumes live updates (10.5s)
  ✓  29 tests/e2e/reconnect.spec.ts:119:1 › removes cached issue content when team access changes during a network cut (17.7s)
  ✓  30 tests/e2e/reconnect.spec.ts:200:1 › an expired session hides cached workspace content (327ms)
  ✓  31 tests/e2e/responsive-sidebar.spec.ts:29:1 › opens and dismisses the navigation drawer at 880px (1.0s)
  ✓  32 tests/e2e/responsive-sidebar.spec.ts:62:1 › closes the drawer after selecting a team (659ms)
  ✓  33 tests/e2e/sync.spec.ts:16:1 › shows pushed updates and preserves a draft after a real conflict (860ms)
  ✓  34 tests/e2e/team-access.spec.ts:9:1 › removes a newly private team from a connected viewer while its members stay live (15.6s)
  ✓  35 tests/e2e/team-access.spec.ts:121:1 › removes cached private issue detail when a team member loses access (14.7s)
  ✓  36 tests/e2e/team-access.spec.ts:191:3 › a delayed denied edit cannot restore revoked issue data (14.6s)
  ✓  37 tests/e2e/team-access.spec.ts:191:3 › a delayed successful edit cannot restore revoked issue data (14.6s)

  37 passed (1.8m)
